Created by PLY version 3.4 (http://www.dabeaz.com/ply)

Grammar

Rule 0     S' -> story
Rule 1     story -> storytitle storybody
Rule 2     story -> storytitle
Rule 3     story -> story task
Rule 4     storytitle -> EQUALS textualelement NEWLINE
Rule 5     storybody -> textualelement NEWLINE
Rule 6     storybody -> storybody storybody
Rule 7     textualelement_b -> TEXT
Rule 8     textualelement_b -> NUMBER
Rule 9     textualelement_b -> SPACE
Rule 10    textualelement_b -> TAG
Rule 11    textualelement_b -> PERSON
Rule 12    textualelement -> textualelement_b
Rule 13    textualelement -> textualelement MINUS
Rule 14    textualelement -> textualelement EQUALS
Rule 15    textualelement -> textualelement textualelement_b
Rule 16    multispace_some -> SPACE multispace_some
Rule 17    multispace_some -> SPACE
Rule 18    task -> taskdescription taskmeta NEWLINE
Rule 19    task -> taskdescription NEWLINE
Rule 20    taskdescription -> MINUS textualelement
Rule 21    taskmeta -> LBRACKET taskmeta_list RBRACKET
Rule 22    taskmeta -> LBRACKET error RBRACKET
Rule 23    taskmeta_list -> <empty>
Rule 24    taskmeta_list -> TEXT
Rule 25    taskmeta_list -> TAG
Rule 26    taskmeta_list -> NUMBER
Rule 27    taskmeta_list -> PERSON
Rule 28    taskmeta_list -> taskmeta_list multispace_some TEXT
Rule 29    taskmeta_list -> taskmeta_list multispace_some TAG
Rule 30    taskmeta_list -> taskmeta_list multispace_some NUMBER
Rule 31    taskmeta_list -> taskmeta_list multispace_some PERSON

Terminals, with rules where they appear

EQUALS               : 4 14
LBRACKET             : 21 22
MINUS                : 13 20
NEWLINE              : 4 5 18 19
NUMBER               : 8 26 30
PERSON               : 11 27 31
RBRACKET             : 21 22
SPACE                : 9 16 17
TAG                  : 10 25 29
TEXT                 : 7 24 28
error                : 22

Nonterminals, with rules where they appear

multispace_some      : 16 28 29 30 31
story                : 3 0
storybody            : 1 6 6
storytitle           : 1 2
task                 : 3
taskdescription      : 18 19
taskmeta             : 18
taskmeta_list        : 21 28 29 30 31
textualelement       : 4 5 13 14 15 20
textualelement_b     : 12 15

Parsing method: LALR

state 0

    (0) S' -> . story
    (1) story -> . storytitle storybody
    (2) story -> . storytitle
    (3) story -> . story task
    (4) storytitle -> . EQUALS textualelement NEWLINE

    EQUALS          shift and go to state 2

    storytitle                     shift and go to state 3
    story                          shift and go to state 1

state 1

    (0) S' -> story .
    (3) story -> story . task
    (18) task -> . taskdescription taskmeta NEWLINE
    (19) task -> . taskdescription NEWLINE
    (20) taskdescription -> . MINUS textualelement

    MINUS           shift and go to state 6

    task                           shift and go to state 4
    taskdescription                shift and go to state 5

state 2

    (4) storytitle -> EQUALS . textualelement NEWLINE
    (12) textualelement -> . textualelement_b
    (13) textualelement -> . textualelement MINUS
    (14) textualelement -> . textualelement EQUALS
    (15) textualelement -> . textualelement textualelement_b
    (7) textualelement_b -> . TEXT
    (8) textualelement_b -> . NUMBER
    (9) textualelement_b -> . SPACE
    (10) textualelement_b -> . TAG
    (11) textualelement_b -> . PERSON

    TEXT            shift and go to state 10
    NUMBER          shift and go to state 11
    SPACE           shift and go to state 9
    TAG             shift and go to state 13
    PERSON          shift and go to state 12

    textualelement                 shift and go to state 7
    textualelement_b               shift and go to state 8

state 3

    (1) story -> storytitle . storybody
    (2) story -> storytitle .
    (5) storybody -> . textualelement NEWLINE
    (6) storybody -> . storybody storybody
    (12) textualelement -> . textualelement_b
    (13) textualelement -> . textualelement MINUS
    (14) textualelement -> . textualelement EQUALS
    (15) textualelement -> . textualelement textualelement_b
    (7) textualelement_b -> . TEXT
    (8) textualelement_b -> . NUMBER
    (9) textualelement_b -> . SPACE
    (10) textualelement_b -> . TAG
    (11) textualelement_b -> . PERSON

    MINUS           reduce using rule 2 (story -> storytitle .)
    $end            reduce using rule 2 (story -> storytitle .)
    TEXT            shift and go to state 10
    NUMBER          shift and go to state 11
    SPACE           shift and go to state 9
    TAG             shift and go to state 13
    PERSON          shift and go to state 12

    textualelement_b               shift and go to state 8
    storybody                      shift and go to state 15
    textualelement                 shift and go to state 14

state 4

    (3) story -> story task .

    MINUS           reduce using rule 3 (story -> story task .)
    $end            reduce using rule 3 (story -> story task .)


state 5

    (18) task -> taskdescription . taskmeta NEWLINE
    (19) task -> taskdescription . NEWLINE
    (21) taskmeta -> . LBRACKET taskmeta_list RBRACKET
    (22) taskmeta -> . LBRACKET error RBRACKET

    NEWLINE         shift and go to state 17
    LBRACKET        shift and go to state 16

    taskmeta                       shift and go to state 18

state 6

    (20) taskdescription -> MINUS . textualelement
    (12) textualelement -> . textualelement_b
    (13) textualelement -> . textualelement MINUS
    (14) textualelement -> . textualelement EQUALS
    (15) textualelement -> . textualelement textualelement_b
    (7) textualelement_b -> . TEXT
    (8) textualelement_b -> . NUMBER
    (9) textualelement_b -> . SPACE
    (10) textualelement_b -> . TAG
    (11) textualelement_b -> . PERSON

    TEXT            shift and go to state 10
    NUMBER          shift and go to state 11
    SPACE           shift and go to state 9
    TAG             shift and go to state 13
    PERSON          shift and go to state 12

    textualelement                 shift and go to state 19
    textualelement_b               shift and go to state 8

state 7

    (4) storytitle -> EQUALS textualelement . NEWLINE
    (13) textualelement -> textualelement . MINUS
    (14) textualelement -> textualelement . EQUALS
    (15) textualelement -> textualelement . textualelement_b
    (7) textualelement_b -> . TEXT
    (8) textualelement_b -> . NUMBER
    (9) textualelement_b -> . SPACE
    (10) textualelement_b -> . TAG
    (11) textualelement_b -> . PERSON

    NEWLINE         shift and go to state 21
    MINUS           shift and go to state 23
    EQUALS          shift and go to state 22
    TEXT            shift and go to state 10
    NUMBER          shift and go to state 11
    SPACE           shift and go to state 9
    TAG             shift and go to state 13
    PERSON          shift and go to state 12

    textualelement_b               shift and go to state 20

state 8

    (12) textualelement -> textualelement_b .

    NEWLINE         reduce using rule 12 (textualelement -> textualelement_b .)
    MINUS           reduce using rule 12 (textualelement -> textualelement_b .)
    EQUALS          reduce using rule 12 (textualelement -> textualelement_b .)
    TEXT            reduce using rule 12 (textualelement -> textualelement_b .)
    NUMBER          reduce using rule 12 (textualelement -> textualelement_b .)
    SPACE           reduce using rule 12 (textualelement -> textualelement_b .)
    TAG             reduce using rule 12 (textualelement -> textualelement_b .)
    PERSON          reduce using rule 12 (textualelement -> textualelement_b .)
    LBRACKET        reduce using rule 12 (textualelement -> textualelement_b .)


state 9

    (9) textualelement_b -> SPACE .

    NEWLINE         reduce using rule 9 (textualelement_b -> SPACE .)
    MINUS           reduce using rule 9 (textualelement_b -> SPACE .)
    EQUALS          reduce using rule 9 (textualelement_b -> SPACE .)
    TEXT            reduce using rule 9 (textualelement_b -> SPACE .)
    NUMBER          reduce using rule 9 (textualelement_b -> SPACE .)
    SPACE           reduce using rule 9 (textualelement_b -> SPACE .)
    TAG             reduce using rule 9 (textualelement_b -> SPACE .)
    PERSON          reduce using rule 9 (textualelement_b -> SPACE .)
    LBRACKET        reduce using rule 9 (textualelement_b -> SPACE .)


state 10

    (7) textualelement_b -> TEXT .

    NEWLINE         reduce using rule 7 (textualelement_b -> TEXT .)
    MINUS           reduce using rule 7 (textualelement_b -> TEXT .)
    EQUALS          reduce using rule 7 (textualelement_b -> TEXT .)
    TEXT            reduce using rule 7 (textualelement_b -> TEXT .)
    NUMBER          reduce using rule 7 (textualelement_b -> TEXT .)
    SPACE           reduce using rule 7 (textualelement_b -> TEXT .)
    TAG             reduce using rule 7 (textualelement_b -> TEXT .)
    PERSON          reduce using rule 7 (textualelement_b -> TEXT .)
    LBRACKET        reduce using rule 7 (textualelement_b -> TEXT .)


state 11

    (8) textualelement_b -> NUMBER .

    NEWLINE         reduce using rule 8 (textualelement_b -> NUMBER .)
    MINUS           reduce using rule 8 (textualelement_b -> NUMBER .)
    EQUALS          reduce using rule 8 (textualelement_b -> NUMBER .)
    TEXT            reduce using rule 8 (textualelement_b -> NUMBER .)
    NUMBER          reduce using rule 8 (textualelement_b -> NUMBER .)
    SPACE           reduce using rule 8 (textualelement_b -> NUMBER .)
    TAG             reduce using rule 8 (textualelement_b -> NUMBER .)
    PERSON          reduce using rule 8 (textualelement_b -> NUMBER .)
    LBRACKET        reduce using rule 8 (textualelement_b -> NUMBER .)


state 12

    (11) textualelement_b -> PERSON .

    NEWLINE         reduce using rule 11 (textualelement_b -> PERSON .)
    MINUS           reduce using rule 11 (textualelement_b -> PERSON .)
    EQUALS          reduce using rule 11 (textualelement_b -> PERSON .)
    TEXT            reduce using rule 11 (textualelement_b -> PERSON .)
    NUMBER          reduce using rule 11 (textualelement_b -> PERSON .)
    SPACE           reduce using rule 11 (textualelement_b -> PERSON .)
    TAG             reduce using rule 11 (textualelement_b -> PERSON .)
    PERSON          reduce using rule 11 (textualelement_b -> PERSON .)
    LBRACKET        reduce using rule 11 (textualelement_b -> PERSON .)


state 13

    (10) textualelement_b -> TAG .

    NEWLINE         reduce using rule 10 (textualelement_b -> TAG .)
    MINUS           reduce using rule 10 (textualelement_b -> TAG .)
    EQUALS          reduce using rule 10 (textualelement_b -> TAG .)
    TEXT            reduce using rule 10 (textualelement_b -> TAG .)
    NUMBER          reduce using rule 10 (textualelement_b -> TAG .)
    SPACE           reduce using rule 10 (textualelement_b -> TAG .)
    TAG             reduce using rule 10 (textualelement_b -> TAG .)
    PERSON          reduce using rule 10 (textualelement_b -> TAG .)
    LBRACKET        reduce using rule 10 (textualelement_b -> TAG .)


state 14

    (5) storybody -> textualelement . NEWLINE
    (13) textualelement -> textualelement . MINUS
    (14) textualelement -> textualelement . EQUALS
    (15) textualelement -> textualelement . textualelement_b
    (7) textualelement_b -> . TEXT
    (8) textualelement_b -> . NUMBER
    (9) textualelement_b -> . SPACE
    (10) textualelement_b -> . TAG
    (11) textualelement_b -> . PERSON

    NEWLINE         shift and go to state 24
    MINUS           shift and go to state 23
    EQUALS          shift and go to state 22
    TEXT            shift and go to state 10
    NUMBER          shift and go to state 11
    SPACE           shift and go to state 9
    TAG             shift and go to state 13
    PERSON          shift and go to state 12

    textualelement_b               shift and go to state 20

state 15

    (1) story -> storytitle storybody .
    (6) storybody -> storybody . storybody
    (5) storybody -> . textualelement NEWLINE
    (6) storybody -> . storybody storybody
    (12) textualelement -> . textualelement_b
    (13) textualelement -> . textualelement MINUS
    (14) textualelement -> . textualelement EQUALS
    (15) textualelement -> . textualelement textualelement_b
    (7) textualelement_b -> . TEXT
    (8) textualelement_b -> . NUMBER
    (9) textualelement_b -> . SPACE
    (10) textualelement_b -> . TAG
    (11) textualelement_b -> . PERSON

    MINUS           reduce using rule 1 (story -> storytitle storybody .)
    $end            reduce using rule 1 (story -> storytitle storybody .)
    TEXT            shift and go to state 10
    NUMBER          shift and go to state 11
    SPACE           shift and go to state 9
    TAG             shift and go to state 13
    PERSON          shift and go to state 12

    textualelement_b               shift and go to state 8
    storybody                      shift and go to state 25
    textualelement                 shift and go to state 14

state 16

    (21) taskmeta -> LBRACKET . taskmeta_list RBRACKET
    (22) taskmeta -> LBRACKET . error RBRACKET
    (23) taskmeta_list -> .
    (24) taskmeta_list -> . TEXT
    (25) taskmeta_list -> . TAG
    (26) taskmeta_list -> . NUMBER
    (27) taskmeta_list -> . PERSON
    (28) taskmeta_list -> . taskmeta_list multispace_some TEXT
    (29) taskmeta_list -> . taskmeta_list multispace_some TAG
    (30) taskmeta_list -> . taskmeta_list multispace_some NUMBER
    (31) taskmeta_list -> . taskmeta_list multispace_some PERSON

    error           shift and go to state 31
    RBRACKET        reduce using rule 23 (taskmeta_list -> .)
    SPACE           reduce using rule 23 (taskmeta_list -> .)
    TEXT            shift and go to state 26
    TAG             shift and go to state 29
    NUMBER          shift and go to state 27
    PERSON          shift and go to state 28

    taskmeta_list                  shift and go to state 30

state 17

    (19) task -> taskdescription NEWLINE .

    MINUS           reduce using rule 19 (task -> taskdescription NEWLINE .)
    $end            reduce using rule 19 (task -> taskdescription NEWLINE .)


state 18

    (18) task -> taskdescription taskmeta . NEWLINE

    NEWLINE         shift and go to state 32


state 19

    (20) taskdescription -> MINUS textualelement .
    (13) textualelement -> textualelement . MINUS
    (14) textualelement -> textualelement . EQUALS
    (15) textualelement -> textualelement . textualelement_b
    (7) textualelement_b -> . TEXT
    (8) textualelement_b -> . NUMBER
    (9) textualelement_b -> . SPACE
    (10) textualelement_b -> . TAG
    (11) textualelement_b -> . PERSON

    NEWLINE         reduce using rule 20 (taskdescription -> MINUS textualelement .)
    LBRACKET        reduce using rule 20 (taskdescription -> MINUS textualelement .)
    MINUS           shift and go to state 23
    EQUALS          shift and go to state 22
    TEXT            shift and go to state 10
    NUMBER          shift and go to state 11
    SPACE           shift and go to state 9
    TAG             shift and go to state 13
    PERSON          shift and go to state 12

    textualelement_b               shift and go to state 20

state 20

    (15) textualelement -> textualelement textualelement_b .

    NEWLINE         reduce using rule 15 (textualelement -> textualelement textualelement_b .)
    MINUS           reduce using rule 15 (textualelement -> textualelement textualelement_b .)
    EQUALS          reduce using rule 15 (textualelement -> textualelement textualelement_b .)
    TEXT            reduce using rule 15 (textualelement -> textualelement textualelement_b .)
    NUMBER          reduce using rule 15 (textualelement -> textualelement textualelement_b .)
    SPACE           reduce using rule 15 (textualelement -> textualelement textualelement_b .)
    TAG             reduce using rule 15 (textualelement -> textualelement textualelement_b .)
    PERSON          reduce using rule 15 (textualelement -> textualelement textualelement_b .)
    LBRACKET        reduce using rule 15 (textualelement -> textualelement textualelement_b .)


state 21

    (4) storytitle -> EQUALS textualelement NEWLINE .

    TEXT            reduce using rule 4 (storytitle -> EQUALS textualelement NEWLINE .)
    NUMBER          reduce using rule 4 (storytitle -> EQUALS textualelement NEWLINE .)
    SPACE           reduce using rule 4 (storytitle -> EQUALS textualelement NEWLINE .)
    TAG             reduce using rule 4 (storytitle -> EQUALS textualelement NEWLINE .)
    PERSON          reduce using rule 4 (storytitle -> EQUALS textualelement NEWLINE .)
    MINUS           reduce using rule 4 (storytitle -> EQUALS textualelement NEWLINE .)
    $end            reduce using rule 4 (storytitle -> EQUALS textualelement NEWLINE .)


state 22

    (14) textualelement -> textualelement EQUALS .

    NEWLINE         reduce using rule 14 (textualelement -> textualelement EQUALS .)
    MINUS           reduce using rule 14 (textualelement -> textualelement EQUALS .)
    EQUALS          reduce using rule 14 (textualelement -> textualelement EQUALS .)
    TEXT            reduce using rule 14 (textualelement -> textualelement EQUALS .)
    NUMBER          reduce using rule 14 (textualelement -> textualelement EQUALS .)
    SPACE           reduce using rule 14 (textualelement -> textualelement EQUALS .)
    TAG             reduce using rule 14 (textualelement -> textualelement EQUALS .)
    PERSON          reduce using rule 14 (textualelement -> textualelement EQUALS .)
    LBRACKET        reduce using rule 14 (textualelement -> textualelement EQUALS .)


state 23

    (13) textualelement -> textualelement MINUS .

    NEWLINE         reduce using rule 13 (textualelement -> textualelement MINUS .)
    MINUS           reduce using rule 13 (textualelement -> textualelement MINUS .)
    EQUALS          reduce using rule 13 (textualelement -> textualelement MINUS .)
    TEXT            reduce using rule 13 (textualelement -> textualelement MINUS .)
    NUMBER          reduce using rule 13 (textualelement -> textualelement MINUS .)
    SPACE           reduce using rule 13 (textualelement -> textualelement MINUS .)
    TAG             reduce using rule 13 (textualelement -> textualelement MINUS .)
    PERSON          reduce using rule 13 (textualelement -> textualelement MINUS .)
    LBRACKET        reduce using rule 13 (textualelement -> textualelement MINUS .)


state 24

    (5) storybody -> textualelement NEWLINE .

    TEXT            reduce using rule 5 (storybody -> textualelement NEWLINE .)
    NUMBER          reduce using rule 5 (storybody -> textualelement NEWLINE .)
    SPACE           reduce using rule 5 (storybody -> textualelement NEWLINE .)
    TAG             reduce using rule 5 (storybody -> textualelement NEWLINE .)
    PERSON          reduce using rule 5 (storybody -> textualelement NEWLINE .)
    MINUS           reduce using rule 5 (storybody -> textualelement NEWLINE .)
    $end            reduce using rule 5 (storybody -> textualelement NEWLINE .)


state 25

    (6) storybody -> storybody storybody .
    (6) storybody -> storybody . storybody
    (5) storybody -> . textualelement NEWLINE
    (6) storybody -> . storybody storybody
    (12) textualelement -> . textualelement_b
    (13) textualelement -> . textualelement MINUS
    (14) textualelement -> . textualelement EQUALS
    (15) textualelement -> . textualelement textualelement_b
    (7) textualelement_b -> . TEXT
    (8) textualelement_b -> . NUMBER
    (9) textualelement_b -> . SPACE
    (10) textualelement_b -> . TAG
    (11) textualelement_b -> . PERSON

  ! shift/reduce conflict for TEXT resolved as shift
  ! shift/reduce conflict for NUMBER resolved as shift
  ! shift/reduce conflict for SPACE resolved as shift
  ! shift/reduce conflict for TAG resolved as shift
  ! shift/reduce conflict for PERSON resolved as shift
    MINUS           reduce using rule 6 (storybody -> storybody storybody .)
    $end            reduce using rule 6 (storybody -> storybody storybody .)
    TEXT            shift and go to state 10
    NUMBER          shift and go to state 11
    SPACE           shift and go to state 9
    TAG             shift and go to state 13
    PERSON          shift and go to state 12

  ! TEXT            [ reduce using rule 6 (storybody -> storybody storybody .) ]
  ! NUMBER          [ reduce using rule 6 (storybody -> storybody storybody .) ]
  ! SPACE           [ reduce using rule 6 (storybody -> storybody storybody .) ]
  ! TAG             [ reduce using rule 6 (storybody -> storybody storybody .) ]
  ! PERSON          [ reduce using rule 6 (storybody -> storybody storybody .) ]

    textualelement                 shift and go to state 14
    textualelement_b               shift and go to state 8
    storybody                      shift and go to state 25

state 26

    (24) taskmeta_list -> TEXT .

    RBRACKET        reduce using rule 24 (taskmeta_list -> TEXT .)
    SPACE           reduce using rule 24 (taskmeta_list -> TEXT .)


state 27

    (26) taskmeta_list -> NUMBER .

    RBRACKET        reduce using rule 26 (taskmeta_list -> NUMBER .)
    SPACE           reduce using rule 26 (taskmeta_list -> NUMBER .)


state 28

    (27) taskmeta_list -> PERSON .

    RBRACKET        reduce using rule 27 (taskmeta_list -> PERSON .)
    SPACE           reduce using rule 27 (taskmeta_list -> PERSON .)


state 29

    (25) taskmeta_list -> TAG .

    RBRACKET        reduce using rule 25 (taskmeta_list -> TAG .)
    SPACE           reduce using rule 25 (taskmeta_list -> TAG .)


state 30

    (21) taskmeta -> LBRACKET taskmeta_list . RBRACKET
    (28) taskmeta_list -> taskmeta_list . multispace_some TEXT
    (29) taskmeta_list -> taskmeta_list . multispace_some TAG
    (30) taskmeta_list -> taskmeta_list . multispace_some NUMBER
    (31) taskmeta_list -> taskmeta_list . multispace_some PERSON
    (16) multispace_some -> . SPACE multispace_some
    (17) multispace_some -> . SPACE

    RBRACKET        shift and go to state 35
    SPACE           shift and go to state 33

    multispace_some                shift and go to state 34

state 31

    (22) taskmeta -> LBRACKET error . RBRACKET

    RBRACKET        shift and go to state 36


state 32

    (18) task -> taskdescription taskmeta NEWLINE .

    MINUS           reduce using rule 18 (task -> taskdescription taskmeta NEWLINE .)
    $end            reduce using rule 18 (task -> taskdescription taskmeta NEWLINE .)


state 33

    (16) multispace_some -> SPACE . multispace_some
    (17) multispace_some -> SPACE .
    (16) multispace_some -> . SPACE multispace_some
    (17) multispace_some -> . SPACE

    TEXT            reduce using rule 17 (multispace_some -> SPACE .)
    TAG             reduce using rule 17 (multispace_some -> SPACE .)
    NUMBER          reduce using rule 17 (multispace_some -> SPACE .)
    PERSON          reduce using rule 17 (multispace_some -> SPACE .)
    SPACE           shift and go to state 33

    multispace_some                shift and go to state 37

state 34

    (28) taskmeta_list -> taskmeta_list multispace_some . TEXT
    (29) taskmeta_list -> taskmeta_list multispace_some . TAG
    (30) taskmeta_list -> taskmeta_list multispace_some . NUMBER
    (31) taskmeta_list -> taskmeta_list multispace_some . PERSON

    TEXT            shift and go to state 38
    TAG             shift and go to state 41
    NUMBER          shift and go to state 39
    PERSON          shift and go to state 40


state 35

    (21) taskmeta -> LBRACKET taskmeta_list RBRACKET .

    NEWLINE         reduce using rule 21 (taskmeta -> LBRACKET taskmeta_list RBRACKET .)


state 36

    (22) taskmeta -> LBRACKET error RBRACKET .

    NEWLINE         reduce using rule 22 (taskmeta -> LBRACKET error RBRACKET .)


state 37

    (16) multispace_some -> SPACE multispace_some .

    TEXT            reduce using rule 16 (multispace_some -> SPACE multispace_some .)
    TAG             reduce using rule 16 (multispace_some -> SPACE multispace_some .)
    NUMBER          reduce using rule 16 (multispace_some -> SPACE multispace_some .)
    PERSON          reduce using rule 16 (multispace_some -> SPACE multispace_some .)


state 38

    (28) taskmeta_list -> taskmeta_list multispace_some TEXT .

    RBRACKET        reduce using rule 28 (taskmeta_list -> taskmeta_list multispace_some TEXT .)
    SPACE           reduce using rule 28 (taskmeta_list -> taskmeta_list multispace_some TEXT .)


state 39

    (30) taskmeta_list -> taskmeta_list multispace_some NUMBER .

    RBRACKET        reduce using rule 30 (taskmeta_list -> taskmeta_list multispace_some NUMBER .)
    SPACE           reduce using rule 30 (taskmeta_list -> taskmeta_list multispace_some NUMBER .)


state 40

    (31) taskmeta_list -> taskmeta_list multispace_some PERSON .

    RBRACKET        reduce using rule 31 (taskmeta_list -> taskmeta_list multispace_some PERSON .)
    SPACE           reduce using rule 31 (taskmeta_list -> taskmeta_list multispace_some PERSON .)


state 41

    (29) taskmeta_list -> taskmeta_list multispace_some TAG .

    RBRACKET        reduce using rule 29 (taskmeta_list -> taskmeta_list multispace_some TAG .)
    SPACE           reduce using rule 29 (taskmeta_list -> taskmeta_list multispace_some TAG .)

WARNING: 
WARNING: Conflicts:
WARNING: 
WARNING: shift/reduce conflict for TEXT in state 25 resolved as shift
WARNING: shift/reduce conflict for NUMBER in state 25 resolved as shift
WARNING: shift/reduce conflict for SPACE in state 25 resolved as shift
WARNING: shift/reduce conflict for TAG in state 25 resolved as shift
WARNING: shift/reduce conflict for PERSON in state 25 resolved as shift
